4 [140060419118912] INFO perfrun.launcher <> - Launcher main begin
8 [140060419118912] INFO perfrun.launcher <> - MessageCatalogInit finished
8 [140060419118912] INFO perfrun.launcher <> - Launcher instance created
8 [140060419118912] INFO perfrun.launcher <> - argc = 7; cmdline = /opt/intel/oneapi/vtune/2025.7/bin64/amplxe-runss --ui-output-format xml --ui-output-fd 7 --option-file /afs/hep.wisc.edu/user/tsussman/tac-hep-gpus/Project/cpp/r000hs/config/runss.options 
89 [140060419118912] INFO perfrun.perfcollector <> - SEP tool path: /opt/intel/oneapi/vtune/2025.7/bin64/sep
96 [140060419118912] INFO perfrun.launcher <> - create msngr2::ICliToolContext
96 [140060419118912] INFO perfrun.launcher <> - create file finder object
96 [140060419118912] INFO perfrun.launcher <> - create a result directory: pattern = /afs/hep.wisc.edu/user/tsussman/tac-hep-gpus/Project/cpp/r000hs pid = 4294967295
101 [140060419118912] INFO perfrun.sdk <> - checked that the directory /afs/hep.wisc.edu/user/tsussman/tac-hep-gpus/Project/cpp/r000hs is a local directory
101 [140060419118912] INFO perfrun.sdk <> - the directory /afs/hep.wisc.edu/user/tsussman/tac-hep-gpus/Project/cpp/r000hs is located on a share or its FS ID is unknown 1397113167
101 [140060419118912] INFO perfrun.sdk <> - checked that the directory /tmp/amplxe-tmp-tsussman is a local directory
101 [140060419118912] INFO perfrun.sdk <> - the directory /tmp/amplxe-tmp-tsussman is a local directory with FS type ID 61267
102 [140060419118912] INFO perfrun.launcher <> - Create a local result directory /tmp/amplxe-tmp-tsussman/amplxe-res-3654369-7852450051056012 due to the user result path /afs/hep.wisc.edu/user/tsussman/tac-hep-gpus/Project/cpp/r000hs is located on a share
102 [140060419118912] INFO perfrun.launcher <> - create data directory = /tmp/amplxe-tmp-tsussman/amplxe-res-3654369-7852450051056012/data.0
104 [140060419118912] INFO perfrun.launcher <> - create data directory = /afs/hep.wisc.edu/user/tsussman/tac-hep-gpus/Project/cpp/r000hs/data.0
106 [140060419118912] INFO perfrun.launcher <> - Creating the master collection flag
110 [140060419118912] INFO perfrun.launcher <> - Done creating the master collection flag
127 [140060263441984] INFO perfrun.launcher <> - plugin [remoteplug] was disabled because it doesn't support the given collection type.
129 [140060263441984] INFO perfrun.sdk <> - Allocating TMU :/tmp/amplxe-tmp-tsussman/amplxe-res-3654369-7852450051056012/data.0/systemcollector-3654369-g38n04.hep.wisc.edu.sc
129 [140060263441984] INFO perfrun.system <> - Tpss based collection
129 [140060263441984] INFO perfrun.launcher <> - plugin [ptracecollector] was disabled because it doesn't support the given collection type.
130 [140060263441984] INFO perfrun.launcher <> - plugin [gpu] was disabled because it doesn't support the given collection type.
130 [140060263441984] INFO perfrun.launcher <> - plugin [] was disabled because it doesn't support the given collection type.
130 [140060263441984] INFO perfrun.launcher <> - plugin [] was disabled because it doesn't support the given collection type.
130 [140060263441984] INFO perfrun.launcher <> - plugin [] was disabled because it doesn't support the given collection type.
130 [140060263441984] INFO perfrun.mrte <> - system-wide mode is 0
130 [140060263441984] INFO perfrun.mrte <> - Getting  mrte profiling environment ...
148 [140060263441984] INFO perfrun.mrte <> - INTEL_MRTE_DATA_DIR=/tmp/amplxe-tmp-tsussman/amplxe-res-3654369-7852450051056012/data.0
148 [140060263441984] INFO perfrun.mrte <> - INTEL_MRTE_HOST_NAME=g38n04.hep.wisc.edu
148 [140060263441984] INFO perfrun.mrte <> - JAVA_TOOL_OPTIONS=-agentlib:amplxe_samplingmrte_javaprof_1.0 -Dsun.boot.library.path=/opt/intel/oneapi/vtune/2025.7/lib32/runtime:/opt/intel/oneapi/vtune/2025.7/lib64/runtime
148 [140060263441984] INFO perfrun.mrte <> - LD_LIBRARY_PATH=/opt/intel/oneapi/vtune/2025.7/lib32/runtime:/opt/intel/oneapi/vtune/2025.7/lib64/runtime:/opt/intel/oneapi/tcm/1.4/lib:/opt/intel/oneapi/umf/0.11/lib:/opt/intel/oneapi/tbb/2022.2/env/../lib/intel64/gcc4.8:/opt/intel/oneapi/debugger/2025.2/opt/debugger/lib:/opt/intel/oneapi/compiler/2025.2/opt/compiler/lib:/opt/intel/oneapi/compiler/2025.2/lib:/opt/intel/oneapi/compiler/2025.2/opt/compiler/lib:/opt/intel/oneapi/compiler/2025.2/lib
148 [140060263441984] INFO perfrun.mrte <> - CORECLR_ENABLE_PROFILING=1
149 [140060263441984] INFO perfrun.mrte <> - CORECLR_PROFILER={AA5E4821-E3B1-479c-B7FF-5AD047D22CED}
149 [140060263441984] INFO perfrun.mrte <> - CORECLR_PROFILER_PATH=/opt/intel/oneapi/vtune/2025.7/lib64/libamplxe_samplingmrte_clrprof_1.0.so
149 [140060263441984] INFO perfrun.mrte <> - INTEL_MRTE_PROFILER_MODE=mixed
149 [140060263441984] INFO perfrun.mrte <> - Data directory: /tmp/amplxe-tmp-tsussman/amplxe-res-3654369-7852450051056012/data.0
149 [140060263441984] INFO perfrun.mrte <> - Mrte plugin is initialized
149 [140060263441984] INFO perfrun.launcher <> - plugin [emon] was disabled because it doesn't support the given collection type.
149 [140060263441984] INFO perfrun.launcher <> - plugin [cuscol] was disabled because it doesn't support the given collection type.
149 [140060263441984] INFO perfrun.launcher <> - plugin [stdsrc] was disabled because it doesn't support the given collection type.
149 [140060263441984] INFO perfrun.launcher <> - plugin [sep] was disabled because it doesn't support the given collection type.
149 [140060263441984] INFO perfrun.launcher <> - plugin [vtsspp] was disabled because it doesn't support the given collection type.
149 [140060263441984] INFO perfrun.launcher <> - plugin [perf] was disabled because it doesn't support the given collection type.
149 [140060263441984] INFO perfrun.launcher <> - plugin [aoclprofile] was disabled because it doesn't support the given collection type.
149 [140060263441984] INFO perfrun.tpss <> - initialize tpss controller
149 [140060263441984] INFO perfrun.tpss <> - configure collection mode: value = cpu:counters:nostack
149 [140060263441984] INFO perfrun.tpss <> - configure collection mode: value = cpu:stack
149 [140060263441984] INFO perfrun.tpss <> - default obj-size-min=1024
149 [140060263441984] INFO perfrun.tpss <> - default hash-table-size=0
149 [140060263441984] INFO perfrun.launcher <> - plugin [media] was disabled because it doesn't support the given collection type.
149 [140060263441984] INFO perfrun.launcher <> - plugin [] was disabled because it doesn't support the given collection type.
149 [140060263441984] INFO perfrun.launcher <> - plugin [] was disabled because it doesn't support the given collection type.
149 [140060263441984] INFO perfrun.launcher <> - plugin [parallelfs] was disabled because it doesn't support the given collection type.
149 [140060263441984] INFO perfrun.launcher <> - plugin [power] was disabled because it doesn't support the given collection type.
149 [140060263441984] INFO perfrun.launcher <> - plugin [] was disabled because it doesn't support the given collection type.
149 [140060263441984] INFO perfrun.launcher <> - plugin [] was disabled because it doesn't support the given collection type.
149 [140060263441984] INFO perfrun.launcher <> - plugin [] was disabled because it doesn't support the given collection type.
149 [140060263441984] INFO perfrun.launcher <> - plugin [l0_metrics] was disabled because it doesn't support the given collection type.
149 [140060263441984] INFO perfrun.launcher <> - plugin [stall_reasons] was disabled because it doesn't support the given collection type.
150 [140060419118912] INFO perfrun.launcher <> - set environment variable: LD_LIBRARY_PATH = /opt/intel/oneapi/vtune/2025.7/lib32/runtime:/opt/intel/oneapi/vtune/2025.7/lib64/runtime:/opt/intel/oneapi/tcm/1.4/lib:/opt/intel/oneapi/umf/0.11/lib:/opt/intel/oneapi/tbb/2022.2/env/../lib/intel64/gcc4.8:/opt/intel/oneapi/debugger/2025.2/opt/debugger/lib:/opt/intel/oneapi/compiler/2025.2/opt/compiler/lib:/opt/intel/oneapi/compiler/2025.2/lib:/opt/intel/oneapi/compiler/2025.2/opt/compiler/lib:/opt/intel/oneapi/compiler/2025.2/lib
150 [140060419118912] INFO perfrun.launcher <> - set environment variable: INTEL_LIBITTNOTIFY32 = /opt/intel/oneapi/vtune/2025.7/lib32/runtime/libittnotify_collector.so
150 [140060419118912] INFO perfrun.launcher <> - set environment variable: INTEL_LIBITTNOTIFY64 = /opt/intel/oneapi/vtune/2025.7/lib64/runtime/libittnotify_collector.so
150 [140060419118912] INFO perfrun.launcher <> - set environment variable: INTEL_ITTNOTIFY_GROUPS = 
150 [140060419118912] INFO perfrun.launcher <> - set environment variable: INTEL_JIT_PROFILER32 = /opt/intel/oneapi/vtune/2025.7/lib32/runtime/libittnotify_collector.so
150 [140060419118912] INFO perfrun.launcher <> - set environment variable: INTEL_JIT_PROFILER64 = /opt/intel/oneapi/vtune/2025.7/lib64/runtime/libittnotify_collector.so
150 [140060419118912] INFO perfrun.launcher <> - set environment variable: CCL_ITT_LEVEL = 1
150 [140060419118912] INFO perfrun.launcher <> - set environment variable: ENABLE_JITPROFILING = 1
150 [140060419118912] INFO perfrun.launcher <> - set environment variable: CL_CONFIG_USE_VTUNE = True
150 [140060419118912] INFO perfrun.launcher <> - set environment variable: KMP_FORKJOIN_FRAMES = 0
150 [140060419118912] INFO perfrun.launcher <> - set environment variable: KMP_FORKJOIN_FRAMES_MODE = 0
150 [140060419118912] INFO perfrun.launcher <> - set environment variable: INTEL_MRTE_DATA_DIR = /tmp/amplxe-tmp-tsussman/amplxe-res-3654369-7852450051056012/data.0
150 [140060419118912] INFO perfrun.launcher <> - set environment variable: INTEL_MRTE_HOST_NAME = g38n04.hep.wisc.edu
150 [140060419118912] INFO perfrun.launcher <> - set environment variable: JAVA_TOOL_OPTIONS = -agentlib:amplxe_samplingmrte_javaprof_1.0 -Dsun.boot.library.path=/opt/intel/oneapi/vtune/2025.7/lib32/runtime:/opt/intel/oneapi/vtune/2025.7/lib64/runtime
150 [140060419118912] INFO perfrun.launcher <> - set environment variable: LD_LIBRARY_PATH = /opt/intel/oneapi/vtune/2025.7/lib32/runtime:/opt/intel/oneapi/vtune/2025.7/lib64/runtime:/opt/intel/oneapi/tcm/1.4/lib:/opt/intel/oneapi/umf/0.11/lib:/opt/intel/oneapi/tbb/2022.2/env/../lib/intel64/gcc4.8:/opt/intel/oneapi/debugger/2025.2/opt/debugger/lib:/opt/intel/oneapi/compiler/2025.2/opt/compiler/lib:/opt/intel/oneapi/compiler/2025.2/lib:/opt/intel/oneapi/compiler/2025.2/opt/compiler/lib:/opt/intel/oneapi/compiler/2025.2/lib
150 [140060419118912] INFO perfrun.launcher <> - set environment variable: CORECLR_ENABLE_PROFILING = 1
150 [140060419118912] INFO perfrun.launcher <> - set environment variable: CORECLR_PROFILER = {AA5E4821-E3B1-479c-B7FF-5AD047D22CED}
150 [140060419118912] INFO perfrun.launcher <> - set environment variable: CORECLR_PROFILER_PATH = /opt/intel/oneapi/vtune/2025.7/lib64/libamplxe_samplingmrte_clrprof_1.0.so
150 [140060419118912] INFO perfrun.launcher <> - set environment variable: INTEL_MRTE_PROFILER_MODE = mixed
151 [140060419118912] INFO perfrun.launcher <> - RpcServer: run RPC server to handle requests
153 [140060419118912] INFO perfrun.launcher <> - Launcher: command line to start before modification = ./cppMatrixOps
153 [140060419118912] INFO perfrun.launcher <> - Launcher: command line to start after modification = /opt/intel/oneapi/vtune/2025.7/bin64/pin -error_file /tmp/amplxe-tmp-tsussman/amplxe-res-3654369-7852450051056012/data.0/pinerr.tpsslog -detach_reattach -follow_execv -tool_load_option deepbind -t64 /opt/intel/oneapi/vtune/2025.7/lib64/libtpsstool.so -t /opt/intel/oneapi/vtune/2025.7/lib32/libtpsstool.so -server_name tpss_ipc.3654369 -prd_dir /opt/intel/oneapi/vtune/2025.7 -- ./cppMatrixOps
153 [140060419118912] INFO perfrun.launcher <> - ProcessCreator object was created
155 [140060419118912] INFO perfrun.launcher <> - Launcher: the process was started in suspend mode
173 [140060263441984] WARN perfrun.system <> - Could not do anything with /sys/kernel/debug/kvm: boost::filesystem::status: Permission denied [system:13]: "/sys/kernel/debug/kvm", at file: vcs/perfrun1/plugins/system/src/trace_writer.cpp:791
173 [140060263441984] WARN perfrun.system <> - Folder "/var/run/libvirt/qemu/"doesn't exist, at file: vcs/perfrun1/plugins/system/src/trace_writer.cpp:804
190 [140060263441984] WARN perfrun.sdk <> - Failed to find xl binary on any of the system paths: /bin, /sbin, /usr/bin, /usr/sbin., at file: vcs/perfrun1/sdk/src/utils.cpp:205
190 [140060263441984] WARN perfrun.system <> - Could not start ContainerMapping collector, at file: vcs/perfrun1/plugins/system/src/controller.cpp:450
215 [140060263441984] INFO perfrun.vdso <> - Helper runtool '/opt/intel/oneapi/vtune/2025.7/bin32/amplxe-runss -dump-vdso -r /tmp/amplxe-tmp-tsussman/amplxe-res-3654369-7852450051056012 --tmp-dir /tmp/amplxe-tmp-tsussman' returned 1
410 [140060263441984] INFO perfrun.vdso <> - Helper runtool '/opt/intel/oneapi/vtune/2025.7/bin64/amplxe-runss -dump-vdso -r /tmp/amplxe-tmp-tsussman/amplxe-res-3654369-7852450051056012 --tmp-dir /tmp/amplxe-tmp-tsussman' returned 0
410 [140060263441984] INFO perfrun.itt <> - start itt controller for pid #3654424
411 [140060263441984] INFO perfrun.tpss <> - start tpss controller for pid #3654424
461 [140060419118912] INFO perfrun.launcher <> - Launcher: all plugins were started
462 [140060419118912] INFO perfrun.launcher <> - DirectoryMonitor object was created
462 [140060419118912] INFO perfrun.launcher <> - DirectoryMonitor: a callback was added
462 [140060419118912] INFO perfrun.launcher <> - DirectoryMonitor was started with pingTime = 1000
462 [140060419118912] INFO perfrun.launcher <> - DeadlineTimer is going to be constructed
462 [140060419118912] INFO perfrun.launcher <> - DeadlineTimer: a callback was added
470 [140060419118912] INFO perfrun.launcher <> - Launcher: resume the profiled application and  wait its termination or stop command
1516 [140060419118912] INFO perfrun.launcher <> - Launcher: the profiled application was terminated  with exit code = 0
1520 [140060263441984] INFO perfrun.itt <> - detach itt controller
1520 [140060263441984] INFO perfrun.itt <> - detach itt controller done
1520 [140060263441984] INFO perfrun.tpss <> - stop tpss controller
1521 [140060263441984] INFO perfrun.sdk <> - De-allocating TMU: /tmp/amplxe-tmp-tsussman/amplxe-res-3654369-7852450051056012/data.0/systemcollector-3654369-g38n04.hep.wisc.edu.sc
1521 [140060263441984] INFO perfrun.system <> - closed the system trace file: /tmp/amplxe-tmp-tsussman/amplxe-res-3654369-7852450051056012/data.0/systemcollector-3654369-g38n04.hep.wisc.edu.sc
1521 [140060419118912] INFO perfrun.launcher <> - Launcher: all plugins were stopped.
1521 [140060419118912] INFO perfrun.launcher <> - DeadlineTimer is going to be destroyed
1521 [140060419118912] INFO perfrun.launcher <> - DeadlineTimer was destroyed
1521 [140060419118912] INFO perfrun.launcher <> - DirectoryMonitor object was destroyed
1521 [140060419118912] WARN perfrun.launcher <> - Stop command is ignored because it is received when collection is already stopped, at file: vcs/perfrun1/launcher/src/command_handler.cpp:226
1593 [140060419118912] INFO perfrun.launcher <> - Application exit code: 0
1593 [140060419118912] INFO perfrun.launcher <> - Exit code: 0
