5 [139783087535936] INFO perfrun.launcher <> - Launcher main begin
10 [139783087535936] INFO perfrun.launcher <> - MessageCatalogInit finished
10 [139783087535936] INFO perfrun.launcher <> - Launcher instance created
10 [139783087535936] INFO perfrun.launcher <> - argc = 6; cmdline = /opt/intel/oneapi/vtune/2025.7/bin64/amplxe-runss -dump-vdso -r /tmp/amplxe-tmp-tsussman/amplxe-res-3654369-7852450051056012 --tmp-dir /tmp/amplxe-tmp-tsussman 
124 [139783087535936] INFO perfrun.perfcollector <> - SEP tool path: /opt/intel/oneapi/vtune/2025.7/bin64/sep
132 [139783087535936] INFO perfrun.launcher <> - create msngr2::ICliToolContext
133 [139783087535936] INFO perfrun.launcher <> - create file finder object
149 [139782931867200] INFO perfrun.launcher <> - plugin [remoteplug] was disabled because it doesn't support the given collection type.
149 [139782931867200] INFO perfrun.launcher <> - plugin [system] was disabled because it doesn't support the given collection type.
149 [139782931867200] INFO perfrun.vdso <> - dumping [vdso] pseudomodule
150 [139782931867200] INFO perfrun.launcher <> - plugin [itt] was disabled because it doesn't support the given collection type.
150 [139782931867200] INFO perfrun.launcher <> - plugin [ptracecollector] was disabled because it doesn't support the given collection type.
150 [139782931867200] INFO perfrun.launcher <> - plugin [gpu] was disabled because it doesn't support the given collection type.
150 [139782931867200] INFO perfrun.launcher <> - plugin [] was disabled because it doesn't support the given collection type.
150 [139782931867200] INFO perfrun.launcher <> - plugin [] was disabled because it doesn't support the given collection type.
151 [139782931867200] INFO perfrun.launcher <> - plugin [] was disabled because it doesn't support the given collection type.
151 [139782931867200] INFO perfrun.launcher <> - plugin [mrte] was disabled because it doesn't support the given collection type.
151 [139782931867200] INFO perfrun.launcher <> - plugin [emon] was disabled because it doesn't support the given collection type.
151 [139782931867200] INFO perfrun.launcher <> - plugin [cuscol] was disabled because it doesn't support the given collection type.
151 [139782931867200] INFO perfrun.launcher <> - plugin [stdsrc] was disabled because it doesn't support the given collection type.
151 [139782931867200] INFO perfrun.launcher <> - plugin [sep] was disabled because it doesn't support the given collection type.
151 [139782931867200] INFO perfrun.launcher <> - plugin [vtsspp] was disabled because it doesn't support the given collection type.
151 [139782931867200] INFO perfrun.launcher <> - plugin [perf] was disabled because it doesn't support the given collection type.
151 [139782931867200] INFO perfrun.launcher <> - plugin [aoclprofile] was disabled because it doesn't support the given collection type.
151 [139782931867200] INFO perfrun.launcher <> - plugin [tpss] was disabled because it doesn't support the given collection type.
151 [139782931867200] INFO perfrun.launcher <> - plugin [media] was disabled because it doesn't support the given collection type.
151 [139782931867200] INFO perfrun.launcher <> - plugin [] was disabled because it doesn't support the given collection type.
151 [139782931867200] INFO perfrun.launcher <> - plugin [] was disabled because it doesn't support the given collection type.
151 [139782931867200] INFO perfrun.launcher <> - plugin [parallelfs] was disabled because it doesn't support the given collection type.
151 [139782931867200] INFO perfrun.launcher <> - plugin [power] was disabled because it doesn't support the given collection type.
151 [139782931867200] INFO perfrun.launcher <> - plugin [] was disabled because it doesn't support the given collection type.
151 [139782931867200] INFO perfrun.launcher <> - plugin [] was disabled because it doesn't support the given collection type.
151 [139782931867200] INFO perfrun.launcher <> - plugin [] was disabled because it doesn't support the given collection type.
151 [139782931867200] INFO perfrun.launcher <> - plugin [l0_metrics] was disabled because it doesn't support the given collection type.
151 [139782931867200] INFO perfrun.launcher <> - plugin [stall_reasons] was disabled because it doesn't support the given collection type.
151 [139783087535936] INFO perfrun.launcher <> - Application exit code: 0
151 [139783087535936] INFO perfrun.launcher <> - Exit code: 0
